{'__annotations__': {},
 '__builtins__': <module 'builtins' (built-in)>,
 '__cached__': None,
 '__doc__': None,
 '__file__': '/sd4ds/test/globals_plus.py',
 '__loader__': <_frozen_importlib_external.SourceFileLoader object \
at 0x10b411110>,
 '__name__': '__main__',
 '__package__': None,
 '__spec__': None,
 'my_variable': 123,
 'pprint': <module 'pprint' from '/Users/gvwilson/opt/anaconda3/envs \
/mccole/lib/python3.11/pprint.py'>}
