test_sign_negative <function test_sign_negative at 0x10b56d620>
test_sign_positive <function test_sign_positive at 0x10b56d6c0>
test_sign_zero <function test_sign_zero at 0x10b56d760>
test_sign_error <function test_sign_error at 0x10b56d800>
